// Jest Snapshot v1, https://goo.gl/fbAQLP

exports[`Organisms/Footer コンポーネント スナップショットテスト Renders Default story 1`] = `
{
  "asFragment": [Function],
  "baseElement": <body>
    <div>
      <section
        class="hero py-32"
        style="background-image: url(https://imagedelivery.net/_ZgxhjwzRQrsPvI8IazDLA/0e16b2d7-ec61-4094-52fc-fd4ed725ea00/public);"
      >
        <div
          class="hero-content text-center text-neutral-content"
        >
          <div
            class="max-w-md"
          >
            <h1
              class="mb-5 text-5xl font-bold"
            >
              Wikimap
            </h1>
            <p
              class="mb-5"
            >
              Provident cupiditate voluptatem et in. Quaerat fugiat ut assumenda excepturi exercitationem quasi. In deleniti eaque aut repudiandae et a id nisi.
            </p>
            <button
              class="btn btn-primary"
            >
              Get Started
            </button>
          </div>
        </div>
      </section>
    </div>
  </body>,
  "container": <div>
    <section
      class="hero py-32"
      style="background-image: url(https://imagedelivery.net/_ZgxhjwzRQrsPvI8IazDLA/0e16b2d7-ec61-4094-52fc-fd4ed725ea00/public);"
    >
      <div
        class="hero-content text-center text-neutral-content"
      >
        <div
          class="max-w-md"
        >
          <h1
            class="mb-5 text-5xl font-bold"
          >
            Wikimap
          </h1>
          <p
            class="mb-5"
          >
            Provident cupiditate voluptatem et in. Quaerat fugiat ut assumenda excepturi exercitationem quasi. In deleniti eaque aut repudiandae et a id nisi.
          </p>
          <button
            class="btn btn-primary"
          >
            Get Started
          </button>
        </div>
      </div>
    </section>
  </div>,
  "debug": [Function],
  "findAllByAltText": [Function],
  "findAllByDisplayValue": [Function],
  "findAllByLabelText": [Function],
  "findAllByPlaceholderText": [Function],
  "findAllByRole": [Function],
  "findAllByTestId": [Function],
  "findAllByText": [Function],
  "findAllByTitle": [Function],
  "findByAltText": [Function],
  "findByDisplayValue": [Function],
  "findByLabelText": [Function],
  "findByPlaceholderText": [Function],
  "findByRole": [Function],
  "findByTestId": [Function],
  "findByText": [Function],
  "findByTitle": [Function],
  "getAllByAltText": [Function],
  "getAllByDisplayValue": [Function],
  "getAllByLabelText": [Function],
  "getAllByPlaceholderText": [Function],
  "getAllByRole": [Function],
  "getAllByTestId": [Function],
  "getAllByText": [Function],
  "getAllByTitle": [Function],
  "getByAltText": [Function],
  "getByDisplayValue": [Function],
  "getByLabelText": [Function],
  "getByPlaceholderText": [Function],
  "getByRole": [Function],
  "getByTestId": [Function],
  "getByText": [Function],
  "getByTitle": [Function],
  "queryAllByAltText": [Function],
  "queryAllByDisplayValue": [Function],
  "queryAllByLabelText": [Function],
  "queryAllByPlaceholderText": [Function],
  "queryAllByRole": [Function],
  "queryAllByTestId": [Function],
  "queryAllByText": [Function],
  "queryAllByTitle": [Function],
  "queryByAltText": [Function],
  "queryByDisplayValue": [Function],
  "queryByLabelText": [Function],
  "queryByPlaceholderText": [Function],
  "queryByRole": [Function],
  "queryByTestId": [Function],
  "queryByText": [Function],
  "queryByTitle": [Function],
  "rerender": [Function],
  "unmount": [Function],
}
`;
